[radekwlodarczykergosystem.pl/index.html]
[backblue.gif]
[fade.gif]
[index.html]
[radekwlodarczykergosystem.pl/wp-content/uploads/2025/11/GeneralSans-Regular.woff2]
[radekwlodarczykergosystem.pl/wp-content/uploads/2025/11/GeneralSans-Medium.woff2]
[radekwlodarczykergosystem.pl/wp-content/uploads/2025/11/GeneralSans-Bold.woff2]
[radekwlodarczykergosystem.pl/feed/index.html]
[radekwlodarczykergosystem.pl/comments/feed/index.html]
[radekwlodarczykergosystem.pl/wp-json/oembed/1.0/embedeaa5.json]
[radekwlodarczykergosystem.pl/wp-json/oembed/1.0/embed27a8]
[radekwlodarczykergosystem.pl/wp-content/plugins/elementor/assets/css/frontend.mine7a7.css]
[radekwlodarczykergosystem.pl/wp-content/plugins/elementor/assets/css/widget-heading.mine7a7.css]
[radekwlodarczykergosystem.pl/wp-content/plugins/elementor/assets/css/widget-divider.mine7a7.css]
[radekwlodarczykergosystem.pl/wp-content/plugins/elementor/assets/lib/swiper/v8/css/swiper.min94a4.css]
[radekwlodarczykergosystem.pl/wp-content/plugins/elementor/assets/css/conditionals/e-swiper.mine7a7.css]
[radekwlodarczykergosystem.pl/wp-content/plugins/uicore-elements/assets/css/components/carousel6895.css]
[radekwlodarczykergosystem.pl/wp-content/plugins/uicore-elements/assets/css/components/global-animations6895.css]
[radekwlodarczykergosystem.pl/wp-content/plugins/bdthemes-element-pack/assets/css/bdt-uikit4ecf.css]
[radekwlodarczykergosystem.pl/wp-content/plugins/bdthemes-element-pack/assets/css/ep-helper3787.css]
[radekwlodarczykergosystem.pl/wp-content/plugins/bdthemes-element-pack/assets/css/ep-tabs3787.css]
[radekwlodarczykergosystem.pl/wp-content/plugins/bdthemes-element-pack/assets/css/ep-advanced-image-gallery3787.css]
[radekwlodarczykergosystem.pl/wp-content/plugins/bdthemes-element-pack/assets/css/ep-font3787.css]
[radekwlodarczykergosystem.pl/wp-content/plugins/elementor-pro/assets/css/widget-form.mine7a7.css]
[radekwlodarczykergosystem.pl/wp-content/uploads/elementor/css/post-625f7e.css]
[radekwlodarczykergosystem.pl/wp-content/uploads/uicore-global1eda.css]
[radekwlodarczykergosystem.pl/wp-includes/js/jquery/jquery.minf43b.js]
[radekwlodarczykergosystem.pl/wp-includes/js/jquery/jquery-migrate.min5589.js]
[radekwlodarczykergosystem.pl/wp-json/index.html]
[radekwlodarczykergosystem.pl/wp-json/wp/v2/pages/62.json]
[radekwlodarczykergosystem.pl/xmlrpc0db0.php]
[radekwlodarczykergosystem.pl/wp-content/uploads/2025/11/favicon.png]
[radekwlodarczykergosystem.pl/wp-content/plugins/uicore-animate/assets/js/scroll-timeline.js]
[radekwlodarczykergosystem.pl/wp-content/uploads/2025/11/cropped-logo-ciemne-1-2048x440-1.png]
[radekwlodarczykergosystem.pl/wp-content/uploads/2025/11/IMG_6503-HDR-1024x683.jpg]
[radekwlodarczykergosystem.pl/wp-content/uploads/2025/11/Zrzut-ekranu-2025-09-22-155322.png]
[radekwlodarczykergosystem.pl/wp-content/uploads/2025/11/Zrzut-ekranu-2025-09-22-155347.png]
[radekwlodarczykergosystem.pl/wp-content/uploads/2025/11/Zrzut-ekranu-2025-09-22-155400.png]
[radekwlodarczykergosystem.pl/wp-content/uploads/2025/11/Zrzut-ekranu-2025-09-22-155435.png]
[radekwlodarczykergosystem.pl/wp-content/uploads/2025/11/Zrzut-ekranu-2025-09-22-155451.png]
[radekwlodarczykergosystem.pl/wp-content/uploads/2025/11/Zrzut-ekranu-2025-09-22-155512.png]
[radekwlodarczykergosystem.pl/wp-content/uploads/2025/11/Zrzut-ekranu-2025-09-22-155531.png]
[radekwlodarczykergosystem.pl/wp-content/uploads/2025/11/Zrzut-ekranu-2025-09-22-155547.png]
[radekwlodarczykergosystem.pl/wp-content/uploads/2025/11/Zrzut-ekranu-2025-09-22-155603.png]
[radekwlodarczykergosystem.pl/wp-content/uploads/2025/11/Zrzut-ekranu-2025-09-22-155618.png]
[radekwlodarczykergosystem.pl/wp-content/uploads/2025/11/Zrzut-ekranu-2025-09-22-155633.png]
[radekwlodarczykergosystem.pl/wp-content/uploads/2025/11/Zrzut-ekranu-2025-09-22-155707.png]
[radekwlodarczykergosystem.pl/wp-content/uploads/2025/11/Zrzut-ekranu-2025-09-23-095724.png]
[radekwlodarczykergosystem.pl/wp-content/uploads/2025/11/Zrzut-ekranu-2025-09-23-095837.png]
[radekwlodarczykergosystem.pl/wp-content/uploads/2025/11/Zrzut-ekranu-2025-09-23-095756.png]
[radekwlodarczykergosystem.pl/wp-content/uploads/2025/11/Zrzut-ekranu-2025-09-23-100341.png]
[radekwlodarczykergosystem.pl/wp-content/uploads/2025/11/Zrzut-ekranu-2025-09-23-100434.png]
[radekwlodarczykergosystem.pl/wp-content/uploads/2025/11/Zrzut-ekranu-2025-09-23-100509.png]
[radekwlodarczykergosystem.pl/wp-content/uploads/2025/11/Zrzut-ekranu-2025-09-23-100632.png]
[radekwlodarczykergosystem.pl/wp-content/uploads/2025/11/Zrzut-ekranu-2025-09-23-100719.png]
[radekwlodarczykergosystem.pl/wp-content/uploads/2025/11/Zrzut-ekranu-2025-09-23-100830.png]
[radekwlodarczykergosystem.pl/wp-content/uploads/2025/11/Zrzut-ekranu-2025-09-23-111944.png]
[radekwlodarczykergosystem.pl/wp-content/uploads/2025/11/Zrzut-ekranu-2025-09-23-112444.png]
[radekwlodarczykergosystem.pl/wp-content/uploads/2025/11/Zrzut-ekranu-2025-09-23-112537.png]
[radekwlodarczykergosystem.pl/wp-content/uploads/2025/11/Zrzut-ekranu-2025-09-24-142321.png]
[radekwlodarczykergosystem.pl/wp-content/uploads/2025/11/Zrzut-ekranu-2025-09-26-122904.png]
[radekwlodarczykergosystem.pl/wp-content/uploads/2025/11/Zrzut-ekranu-2025-09-23-212416.png]
[radekwlodarczykergosystem.pl/wp-content/uploads/2025/11/Zrzut-ekranu-2025-09-23-212543.png]
[radekwlodarczykergosystem.pl/wp-content/uploads/2025/11/Zrzut-ekranu-2025-09-23-212626.png]
[radekwlodarczykergosystem.pl/wp-content/uploads/2025/11/Zrzut-ekranu-2025-09-23-212716.png]
[radekwlodarczykergosystem.pl/wp-content/uploads/2025/11/Zrzut-ekranu-2025-09-23-213006.png]
[radekwlodarczykergosystem.pl/wp-content/uploads/2025/11/Zrzut-ekranu-2025-09-23-213109.png]
[radekwlodarczykergosystem.pl/wp-content/uploads/2025/11/Zrzut-ekranu-2025-09-25-101042.png]
[radekwlodarczykergosystem.pl/wp-content/uploads/2025/11/Zrzut-ekranu-2025-09-25-101053.png]
[radekwlodarczykergosystem.pl/wp-content/uploads/2025/11/Zrzut-ekranu-2025-09-25-101128.png]
[radekwlodarczykergosystem.pl/wp-content/uploads/2025/11/Zrzut-ekranu-2025-09-25-101552.png]
[radekwlodarczykergosystem.pl/wp-content/uploads/2025/11/Zrzut-ekranu-2025-09-15-132741.png]
[radekwlodarczykergosystem.pl/wp-content/uploads/2025/11/viga.jpg]
[radekwlodarczykergosystem.pl/wp-content/uploads/2025/11/Zrzut-ekranu-2025-09-24-133247.png]
[radekwlodarczykergosystem.pl/wp-content/uploads/2025/11/Zrzut-ekranu-2025-09-24-133301.png]
[radekwlodarczykergosystem.pl/wp-content/uploads/2025/11/Zrzut-ekranu-2025-09-24-133414.png]
[radekwlodarczykergosystem.pl/wp-content/uploads/2025/11/Zrzut-ekranu-2025-09-24-133431.png]
[radekwlodarczykergosystem.pl/wp-content/uploads/2025/11/Zrzut-ekranu-2025-09-24-133519.png]
[radekwlodarczykergosystem.pl/wp-content/uploads/2025/11/Zrzut-ekranu-2025-09-24-133618.png]
[radekwlodarczykergosystem.pl/wp-content/uploads/2025/11/Zrzut-ekranu-2025-09-24-133803.png]
[radekwlodarczykergosystem.pl/wp-content/uploads/2025/11/Zrzut-ekranu-2025-09-24-133823.png]
[radekwlodarczykergosystem.pl/wp-content/uploads/2025/11/Zrzut-ekranu-2025-09-24-141800.png]
[radekwlodarczykergosystem.pl/wp-content/uploads/2025/11/Zrzut-ekranu-2025-09-24-141808.png]
[radekwlodarczykergosystem.pl/wp-content/uploads/2025/11/Zrzut-ekranu-2025-09-24-141818.png]
[radekwlodarczykergosystem.pl/wp-content/uploads/2025/11/Zrzut-ekranu-2025-09-24-141829.png]
[radekwlodarczykergosystem.pl/wp-content/uploads/2025/11/Zrzut-ekranu-2025-09-24-141937.png]
[radekwlodarczykergosystem.pl/wp-content/uploads/2025/11/Zrzut-ekranu-2025-09-24-141947.png]
[radekwlodarczykergosystem.pl/wp-content/uploads/2025/11/Zrzut-ekranu-2025-09-24-142056.png]
[radekwlodarczykergosystem.pl/wp-content/uploads/2025/11/Zrzut-ekranu-2025-09-24-142143.png]
[radekwlodarczykergosystem.pl/wp-content/uploads/2025/11/Zrzut-ekranu-2025-09-24-142150.png]
[radekwlodarczykergosystem.pl/wp-content/uploads/2025/11/Zrzut-ekranu-2025-09-24-142226.png]
[radekwlodarczykergosystem.pl/wp-content/uploads/2025/11/Zrzut-ekranu-2025-09-24-142242.png]
[radekwlodarczykergosystem.pl/wp-content/uploads/2025/11/Zrzut-ekranu-2025-09-24-142321-1.png]
[radekwlodarczykergosystem.pl/wp-content/uploads/2025/11/Zrzut-ekranu-2025-09-24-142327.png]
[radekwlodarczykergosystem.pl/wp-content/uploads/2025/11/Zrzut-ekranu-2025-09-24-142339.png]
[radekwlodarczykergosystem.pl/wp-content/uploads/2025/11/Zrzut-ekranu-2025-09-24-142453.png]
[radekwlodarczykergosystem.pl/wp-content/uploads/2025/11/Zrzut-ekranu-2025-09-24-142508.png]
[radekwlodarczykergosystem.pl/wp-content/uploads/2025/11/Zrzut-ekranu-2025-09-24-142532.png]
[radekwlodarczykergosystem.pl/wp-content/uploads/2025/11/Zrzut-ekranu-2025-09-24-142539.png]
[radekwlodarczykergosystem.pl/wp-content/uploads/2025/11/Zrzut-ekranu-2025-09-24-142550.png]
[radekwlodarczykergosystem.pl/wp-content/uploads/2025/11/Zrzut-ekranu-2025-09-25-101128-1.png]
[radekwlodarczykergosystem.pl/wp-content/uploads/2025/11/Zrzut-ekranu-2025-09-25-101251.png]
[radekwlodarczykergosystem.pl/wp-content/uploads/2025/11/Zrzut-ekranu-2025-09-25-101552-1.png]
[radekwlodarczykergosystem.pl/wp-content/uploads/2025/11/Zrzut-ekranu-2025-09-25-101714.png]
[radekwlodarczykergosystem.pl/wp-content/uploads/2025/11/Zrzut-ekranu-2025-09-25-101722.png]
[radekwlodarczykergosystem.pl/wp-content/uploads/2025/11/Zrzut-ekranu-2025-09-25-101800.png]
[radekwlodarczykergosystem.pl/wp-content/uploads/2025/11/Zrzut-ekranu-2025-09-25-101850.png]
[radekwlodarczykergosystem.pl/wp-content/uploads/2025/11/Zrzut-ekranu-2025-09-25-102147.png]
[radekwlodarczykergosystem.pl/wp-content/uploads/2025/11/Zrzut-ekranu-2025-09-25-102156.png]
[radekwlodarczykergosystem.pl/wp-content/uploads/2025/11/Zrzut-ekranu-2025-09-25-102644.png]
[radekwlodarczykergosystem.pl/wp-content/uploads/2025/11/Zrzut-ekranu-2025-09-25-102657.png]
[radekwlodarczykergosystem.pl/wp-content/uploads/2025/11/Zrzut-ekranu-2025-09-25-102729.png]
[radekwlodarczykergosystem.pl/wp-content/uploads/2025/11/Zrzut-ekranu-2025-09-25-102743.png]
[radekwlodarczykergosystem.pl/wp-content/uploads/2025/11/Zrzut-ekranu-2025-09-25-102842.png]
[radekwlodarczykergosystem.pl/wp-content/uploads/2025/11/Zrzut-ekranu-2025-09-25-102932.png]
[radekwlodarczykergosystem.pl/wp-content/uploads/2025/11/Zrzut-ekranu-2025-09-25-102949.png]
[radekwlodarczykergosystem.pl/wp-content/uploads/2025/11/Zrzut-ekranu-2025-09-25-102959.png]
[radekwlodarczykergosystem.pl/wp-content/uploads/2025/11/Zrzut-ekranu-2025-09-25-103007.png]
[radekwlodarczykergosystem.pl/wp-content/uploads/2025/11/Zrzut-ekranu-2025-09-25-103051.png]
[radekwlodarczykergosystem.pl/wp-content/uploads/2025/11/Zrzut-ekranu-2025-09-25-103057.png]
[radekwlodarczykergosystem.pl/wp-content/uploads/2025/11/Zrzut-ekranu-2025-09-25-103315.png]
[radekwlodarczykergosystem.pl/wp-content/uploads/2025/11/Zrzut-ekranu-2025-09-25-104608.png]
[radekwlodarczykergosystem.pl/wp-content/uploads/2025/11/IMG_6506-HDR-1-1024x683.jpg]
[radekwlodarczykergosystem.pl/wp-content/plugins/uicore-animate/assets/css/split77e6.css]
[radekwlodarczykergosystem.pl/wp-content/plugins/uicore-elements/assets/css/elements/logo-carousel6895.css]
[radekwlodarczykergosystem.pl/wp-content/plugins/uicore-elements/assets/css/elements/custom-carousel6895.css]
[radekwlodarczykergosystem.pl/wp-content/plugins/uicore-elements/assets/css/elements/accordion6895.css]
[radekwlodarczykergosystem.pl/wp-content/plugins/uicore-elements/assets/css/elements/icon-list6895.css]
[radekwlodarczykergosystem.pl/wp-content/plugins/uicore-elements/assets/css/elements/contact-form6895.css]
[radekwlodarczykergosystem.pl/wp-content/plugins/elementor/assets/js/webpack.runtime.mine7a7.js]
[radekwlodarczykergosystem.pl/wp-content/plugins/elementor/assets/js/frontend-modules.mine7a7.js]
[radekwlodarczykergosystem.pl/wp-includes/js/jquery/ui/core.minb37e.js]
[radekwlodarczykergosystem.pl/wp-content/plugins/elementor/assets/js/frontend.mine7a7.js]
[radekwlodarczykergosystem.pl/wp-content/plugins/uicore-elements/assets/js/lib/swiper5ca1.js]
[radekwlodarczykergosystem.pl/wp-content/plugins/uicore-elements/assets/js/components/global-carousel6895.js]
[radekwlodarczykergosystem.pl/wp-content/plugins/uicore-elements/assets/js/lib/carousel-effects/special-effects6895.js]
[radekwlodarczykergosystem.pl/wp-content/plugins/bdthemes-element-pack/assets/js/bdt-uikit.min4ecf.js]
[radekwlodarczykergosystem.pl/wp-content/plugins/bdthemes-element-pack/assets/js/modules/ep-tabs.min3787.js]
[radekwlodarczykergosystem.pl/wp-includes/js/imagesloaded.minbb93.js]
[radekwlodarczykergosystem.pl/wp-content/plugins/bdthemes-element-pack/assets/js/modules/ep-advanced-image-gallery.min3787.js]
[radekwlodarczykergosystem.pl/wp-content/uploads/uicore-global1eda.js]
[radekwlodarczykergosystem.pl/wp-content/plugins/bdthemes-element-pack/assets/vendor/js/vanilla-tilt.min.js]
[radekwlodarczykergosystem.pl/wp-content/plugins/bdthemes-element-pack/assets/vendor/js/jquery.justifiedGallery.min8a54.js]
[radekwlodarczykergosystem.pl/wp-content/plugins/bdthemes-element-pack/assets/js/common/helper.min3787.js]
[radekwlodarczykergosystem.pl/wp-content/plugins/uicore-animate/assets/js/split77e6.js]
[radekwlodarczykergosystem.pl/wp-content/plugins/uicore-elements/assets/js/elements/accordion6895.js]
[radekwlodarczykergosystem.pl/wp-content/plugins/uicore-elements/assets/js/elements/contact-form6895.js]
[radekwlodarczykergosystem.pl/wp-content/plugins/elementor-pro/assets/js/webpack-pro.runtime.mine7a7.js]
[radekwlodarczykergosystem.pl/wp-includes/js/dist/hooks.min394d.js]
[radekwlodarczykergosystem.pl/wp-includes/js/dist/i18n.mineca5.js]
[radekwlodarczykergosystem.pl/wp-content/plugins/elementor-pro/assets/js/frontend.mine7a7.js]
[radekwlodarczykergosystem.pl/index.html]
[radekwlodarczykergosystem.pl/wp-content/plugins/elementor/assets/css/frontend.mine7a7.css]
[radekwlodarczykergosystem.pl/wp-content/plugins/elementor/assets/lib/animations/styles/fadeInUp.mine7a7.css]
[radekwlodarczykergosystem.pl/wp-content/plugins/elementor/assets/css/widget-heading.mine7a7.css]
[radekwlodarczykergosystem.pl/wp-content/plugins/elementor/assets/lib/animations/styles/fadeInRight.mine7a7.css]
[radekwlodarczykergosystem.pl/wp-content/plugins/elementor/assets/css/widget-image.mine7a7.css]
[radekwlodarczykergosystem.pl/wp-content/plugins/elementor/assets/css/widget-divider.mine7a7.css]
[radekwlodarczykergosystem.pl/wp-content/plugins/elementor/assets/lib/swiper/v8/css/swiper.min94a4.css]
[radekwlodarczykergosystem.pl/wp-content/plugins/elementor/assets/css/conditionals/e-swiper.mine7a7.css]
[radekwlodarczykergosystem.pl/wp-content/plugins/uicore-elements/assets/css/components/carousel6895.css]
[radekwlodarczykergosystem.pl/wp-content/plugins/uicore-elements/assets/css/components/global-animations6895.css]
[radekwlodarczykergosystem.pl/wp-content/plugins/uicore-elements/assets/css/components/global-entrances6895.css]
[radekwlodarczykergosystem.pl/wp-content/plugins/bdthemes-element-pack/assets/css/bdt-uikit4ecf.css]
[radekwlodarczykergosystem.pl/wp-content/plugins/elementor-pro/assets/js/elements-handlers.mine7a7.js]
[radekwlodarczykergosystem.pl/wp-content/plugins/bdthemes-element-pack/assets/css/ep-helper3787.css]
[radekwlodarczykergosystem.pl/wp-content/plugins/bdthemes-element-pack/assets/css/ep-tabs3787.css]
[radekwlodarczykergosystem.pl/wp-content/plugins/bdthemes-element-pack/assets/css/ep-advanced-image-gallery3787.css]
[radekwlodarczykergosystem.pl/wp-content/plugins/bdthemes-element-pack/assets/images/loading.svg]
[radekwlodarczykergosystem.pl/wp-content/plugins/bdthemes-element-pack/assets/fonts/element-packe897.woff2]
[radekwlodarczykergosystem.pl/wp-content/plugins/bdthemes-element-pack/assets/fonts/element-packe897.ttf]
[radekwlodarczykergosystem.pl/wp-content/plugins/bdthemes-element-pack/assets/fonts/element-packe897.woff]
[radekwlodarczykergosystem.pl/wp-content/plugins/bdthemes-element-pack/assets/css/ep-font3787.css]
[radekwlodarczykergosystem.pl/wp-content/plugins/elementor/assets/lib/animations/styles/fadeInLeft.mine7a7.css]
[radekwlodarczykergosystem.pl/wp-content/plugins/elementor-pro/assets/css/widget-form.mine7a7.css]
[radekwlodarczykergosystem.pl/wp-content/plugins/bdthemes-element-pack/assets/fonts/element-packe897.svg]
[radekwlodarczykergosystem.pl/wp-content/uploads/2025/11/IMG_6494-HDR.jpg]
[radekwlodarczykergosystem.pl/wp-content/uploads/2025/11/IMG_6503-HDR.jpg]
[radekwlodarczykergosystem.pl/wp-content/uploads/2025/11/forbis_060.jpg]
[radekwlodarczykergosystem.pl/wp-content/uploads/2025/11/IMG_6469-HDR.jpg]
[radekwlodarczykergosystem.pl/wp-content/uploads/2025/11/IMG_6515-HDR.jpg]
[radekwlodarczykergosystem.pl/wp-content/uploads/2025/11/IMG_6482-HDR.jpg]
[radekwlodarczykergosystem.pl/wp-content/uploads/2025/11/banner-01-1200x496-1.jpg]
[radekwlodarczykergosystem.pl/wp-content/uploads/2025/11/IMG_6458-HDR.jpg]
[radekwlodarczykergosystem.pl/wp-content/uploads/2025/11/IMG_6506-HDR.jpg]
[radekwlodarczykergosystem.pl/wp-content/uploads/2025/11/IMG_6503-HDR-1.jpg]
[radekwlodarczykergosystem.pl/wp-content/uploads/2025/11/IMG_6476-HDR.jpg]
[radekwlodarczykergosystem.pl/wp-content/uploads/2025/11/cs5040-souly-tilkka-meethink-5038.jpg]
[radekwlodarczykergosystem.pl/wp-content/uploads/2025/11/forbis_060-1.jpg]
[radekwlodarczykergosystem.pl/wp-content/uploads/elementor/css/post-625f7e.css]
[radekwlodarczykergosystem.pl/wp-content/img/select-arrow.svg]
[radekwlodarczykergosystem.pl/wp-content/uploads/uicore-global1eda.css]
[radekwlodarczykergosystem.pl/wp-content/plugins/uicore-animate/assets/js/scroll-timeline.html]
[radekwlodarczykergosystem.pl/wp-content/plugins/uicore-animate/assets/css/split77e6.css]
[radekwlodarczykergosystem.pl/wp-content/plugins/uicore-elements/assets/css/elements/logo-carousel6895.css]
[radekwlodarczykergosystem.pl/wp-content/plugins/uicore-elements/assets/css/elements/custom-carousel6895.css]
[radekwlodarczykergosystem.pl/wp-content/plugins/uicore-elements/assets/css/elements/accordion6895.css]
[radekwlodarczykergosystem.pl/wp-content/plugins/uicore-elements/assets/css/elements/icon-list6895.css]
[radekwlodarczykergosystem.pl/wp-content/plugins/uicore-elements/assets/css/elements/contact-form6895.css]
[radekwlodarczykergosystem.pl/wp-content/plugins/bdthemes-element-pack/assets/images/loading.svg]
[radekwlodarczykergosystem.pl/wp-content/plugins/bdthemes-element-pack/assets/fonts/element-packe897.svg]
[radekwlodarczykergosystem.pl/wp-content/img/select-arrow.html]
